../Core/Src/main.c:80:5:calculate_average	32	static
../Core/Src/main.c:102:5:apply_deadzone	16	static
../Core/Src/main.c:109:6:LED_On	8	static
../Core/Src/main.c:113:6:LED_Off	8	static
../Core/Src/main.c:125:5:main	96	static
../Core/Src/main.c:260:6:SystemClock_Config	96	static
../Core/Src/main.c:307:13:MX_ADC1_Init	48	static
../Core/Src/main.c:373:13:MX_ADC2_Init	32	static
../Core/Src/main.c:430:13:MX_USART1_UART_Init	8	static
../Core/Src/main.c:465:13:MX_USART2_UART_Init	8	static
../Core/Src/main.c:500:13:MX_GPIO_Init	40	static
../Core/Src/main.c:533:6:Error_Handler	4	static,ignoring_inline_asm
