../Core/Src/main.c:74:5:calculate_average	32	static
../Core/Src/main.c:96:5:apply_deadzone	16	static
../Core/Src/main.c:103:6:LED_On	8	static
../Core/Src/main.c:107:6:LED_Off	8	static
../Core/Src/main.c:119:5:main	80	static
../Core/Src/main.c:228:6:SystemClock_Config	96	static
../Core/Src/main.c:275:13:MX_ADC1_Init	48	static
../Core/Src/main.c:341:13:MX_ADC2_Init	32	static
../Core/Src/main.c:398:13:MX_USART1_UART_Init	8	static
../Core/Src/main.c:433:13:MX_USART2_UART_Init	8	static
../Core/Src/main.c:468:13:MX_GPIO_Init	40	static
../Core/Src/main.c:501:6:Error_Handler	4	static,ignoring_inline_asm
